// Jest Snapshot v1, https://goo.gl/fbAQLP

exports[`should render 1 expense 1`] = `
<div
  className="page-header"
>
  <div
    className="content-container"
  >
    <div
      className="page-header--justify"
    >
      <h1
        className="page-header__title"
      >
        <span />
         
        expenses
         totalling 
        <span>
          $0.00
        </span>
         
      </h1>
      <Link
        className="button"
        replace={false}
        to="/create"
      >
        Add Expense
      </Link>
    </div>
  </div>
</div>
`;

exports[`should render 3 expenses 1`] = `
<div
  className="page-header"
>
  <div
    className="content-container"
  >
    <div
      className="page-header--justify"
    >
      <h1
        className="page-header__title"
      >
        <span />
         
        expenses
         totalling 
        <span>
          $0.00
        </span>
         
      </h1>
      <Link
        className="button"
        replace={false}
        to="/create"
      >
        Add Expense
      </Link>
    </div>
  </div>
</div>
`;
