// Jest Snapshot v1, https://goo.gl/fbAQLP

exports[`should render ExpenseListItem with expense 1`] = `
<Link
  className="list-item"
  replace={false}
  to="/edit/1"
>
  <div>
    <h3
      className="list-item__title"
    >
      Gun
    </h3>
    <span
      className="list0item__sub-title"
    >
       
      $1.95
       
    </span>
  </div>
  <h3
    className="list-item__data"
  >
    December 31st, 1969
  </h3>
</Link>
`;
